// Jest Snapshot v1, https://goo.gl/fbAQLP

exports[`Checkout  page should match snapshot 1`] = `
<div
  className="sc-283eddd0-1 gkkIUt"
>
  <div
    className="sc-283eddd0-0 dZUPki"
  >
    <div
      className="sc-92718e0b-2 hhAWhF"
    >
      <div
        className="sc-92718e0b-1 iDnurs"
      >
        <div
          className="sc-92718e0b-0 hbQEh"
        >
          <span
            style={
              {
                "background": "none",
                "border": 0,
                "boxSizing": "border-box",
                "display": "block",
                "height": "initial",
                "margin": 0,
                "opacity": 1,
                "overflow": "hidden",
                "padding": 0,
                "position": "relative",
                "width": "initial",
              }
            }
          >
            <span
              style={
                {
                  "background": "none",
                  "border": 0,
                  "boxSizing": "border-box",
                  "display": "block",
                  "height": "initial",
                  "margin": 0,
                  "opacity": 1,
                  "padding": 0,
                  "paddingTop": "100%",
                  "width": "initial",
                }
              }
            />
            <img
              alt="loading..."
              className="sc-92718e0b-3"
              data-nimg="responsive"
              decoding="async"
              onError={[Function]}
              onLoad={[Function]}
              src="data:image/gif;base64,R0lGODlhAQABAIAAAAAAAP///yH5BAEAAAAALAAAAAABAAEAAAIBRAA7"
              style={
                {
                  "border": "none",
                  "bottom": 0,
                  "boxSizing": "border-box",
                  "display": "block",
                  "height": 0,
                  "left": 0,
                  "margin": "auto",
                  "maxHeight": "100%",
                  "maxWidth": "100%",
                  "minHeight": "100%",
                  "minWidth": "100%",
                  "objectFit": undefined,
                  "objectPosition": undefined,
                  "padding": 0,
                  "position": "absolute",
                  "right": 0,
                  "top": 0,
                  "width": 0,
                }
              }
            />
            <noscript>
              <img
                alt="loading..."
                className="sc-92718e0b-3"
                data-nimg="responsive"
                decoding="async"
                loading="lazy"
                sizes="100vw"
                src="/_next/image?url=%2Fassets%2Fimages%2Floading.webp&w=3840&q=75"
                srcSet="/_next/image?url=%2Fassets%2Fimages%2Floading.webp&w=640&q=75 640w, /_next/image?url=%2Fassets%2Fimages%2Floading.webp&w=750&q=75 750w, /_next/image?url=%2Fassets%2Fimages%2Floading.webp&w=828&q=75 828w, /_next/image?url=%2Fassets%2Fimages%2Floading.webp&w=1080&q=75 1080w, /_next/image?url=%2Fassets%2Fimages%2Floading.webp&w=1200&q=75 1200w, /_next/image?url=%2Fassets%2Fimages%2Floading.webp&w=1920&q=75 1920w, /_next/image?url=%2Fassets%2Fimages%2Floading.webp&w=2048&q=75 2048w, /_next/image?url=%2Fassets%2Fimages%2Floading.webp&w=3840&q=75 3840w"
                style={
                  {
                    "border": "none",
                    "bottom": 0,
                    "boxSizing": "border-box",
                    "display": "block",
                    "height": 0,
                    "left": 0,
                    "margin": "auto",
                    "maxHeight": "100%",
                    "maxWidth": "100%",
                    "minHeight": "100%",
                    "minWidth": "100%",
                    "objectFit": undefined,
                    "objectPosition": undefined,
                    "padding": 0,
                    "position": "absolute",
                    "right": 0,
                    "top": 0,
                    "width": 0,
                  }
                }
              />
            </noscript>
          </span>
        </div>
      </div>
    </div>
  </div>
  <div
    className="sc-c244e443-7 ijryVv"
  >
    <div
      className="sc-c244e443-0 hENCiU"
    >
      <div
        className="sc-c244e443-1 cBLjNq"
      >
        <div
          className="sc-c244e443-2 fugwvk"
        >
          <p
            className="sc-c244e443-3 dTgOXL"
          >
            Subtotal
          </p>
          <p
            className="sc-c244e443-4 cMlBYJ"
          >
            ₽
            0
          </p>
        </div>
        <div
          className="sc-c244e443-2 fugwvk"
        >
          <p
            className="sc-c244e443-3 dTgOXL"
          >
            Shipping
          </p>
          <p
            className="sc-c244e443-4 cMlBYJ"
          >
            ₽
            500
          </p>
        </div>
      </div>
      <div
        className="sc-c244e443-2 fugwvk"
      >
        <p
          className="sc-c244e443-5 cDJHPh"
        >
          Total
        </p>
        <p
          className="sc-c244e443-6 kHUEiq"
        >
          ₽
          500
        </p>
      </div>
    </div>
  </div>
</div>
`;
